
**************************************************************************
 ___       _                               _____ _           _
|_ _|_ __ | |_ ___  __ _ _ __ ___  _ __   |  ___(_)_ __   __| | ___ _ __
 | || '_ \| __/ _ \/ _` | '__/ _ \| '_ \  | |_  | | '_ \ / _` |/ _ \ '__|
 | || | | | ||  __/ (_| | | | (_) | | | | |  _| | | | | | (_| |  __/ |
|___|_| |_|\__\___|\__, |_|  \___/|_| |_| |_|   |_|_| |_|\__,_|\___|_|
                   |___/

**************************************************************************

integron_finder version 2.0.5 a41fde8
Using:
 - Python 3.10.0 | packaged by conda-forge | (default, Nov 20 2021, 02:24:10) [GCC 9.4.0]
 - numpy 2.1.2
 - pandas 2.2.3
 - matplolib 3.9.2
 - biopython 1.84

 - Prodigal V2.6.3: February, 2016
 - INFERNAL 1.1.5 (Sep 2023)
 - HMMER 3.4 (Aug 2023); http://hmmer.org/

Authors:
 - Jean Cury, Bertrand Neron, Eduardo Rocha,

Citation:

 NÃ©ron, B.; Littner, E.; Haudiquet, M.; Perrin, A.; Cury, J.; Rocha, E.P.C. 
 IntegronFinder 2.0: Identification and Analysis of Integrons across Bacteria, with a Focus on Antibiotic Resistance in Klebsiella. 
 Microorganisms 2022, 10, 700. https://doi.org/10.3390/microorganisms10040700

 If you use --func-annot in conjunction with file NCBIfam-AMRFinder.hmm please also cite

 Haft, DH et al., Nucleic Acids Res. 2018 Jan 4;46(D1):D851-D860
 PMID: 29112715
 a41fde8

                     =======================

integron_finder is free software: you can redistribute it and/or modify
it under the terms of the GNU General Public License as published by
the Free Software Foundation, either version 3 of the License, or
(at your option) any later version.

integron_finder is distributed in the hope that it will be useful,
but WITHOUT ANY WARRANTY; without even the implied warranty of
MERCHANTABILITY or FITNESS FOR A PARTICULAR PURPOSE. See the
GNU General Public License for more details.

You should have received a copy of the GNU General Public License
along with this program (COPYING file).
If not, see <http://www.gnu.org/licenses/>.

                     =======================

command used: integron_finder --local-max --cpu 4 --outdir intermediate/test/IntegronFinder/raw/sequence_2 /n/data1/hms/dbmi/baym/arya/projects/project_microtrawler/data/1_sequences/NCTC/ena/NCTC10004/GCA_900461405/assembly.fa

                     =======================

[0m
INFO     : ############ Processing replicon UGJM01000001.1 (1/4) ############

INFO     : Starting Default search ... :
INFO     : Default search done... : 
INFO     : In replicon UGJM01000001.1, there are:
INFO     : - 0 complete integron(s) found with a total 0 attC site(s)
INFO     : - 0 CALIN element(s) found with a total of 0 attC site(s)
INFO     : - 0 In0 element(s) found with a total of 0 attC site
INFO     : Starting search with local_max...:
INFO     : Search with local_max done... :
INFO     : In replicon UGJM01000001.1, there are:
INFO     : - 0 complete integron(s) found with a total 0 attC site(s)
INFO     : - 0 CALIN element(s) found with a total of 0 attC site(s)
INFO     : - 0 In0 element(s) found with a total of 0 attC site
INFO     : Writing out results for replicon UGJM01000001.1
WARNING  : Cannot remove temporary results : '/n/data1/hms/dbmi/baym/arya/projects/tools/callmemobile/.test/intermediate/test/IntegronFinder/raw/sequence_2/Results_Integron_Finder_assembly/tmp_UGJM01000001.1 : [Errno 39] Directory not empty: '/n/data1/hms/dbmi/baym/arya/projects/tools/callmemobile/.test/intermediate/test/IntegronFinder/raw/sequence_2/Results_Integron_Finder_assembly/tmp_UGJM01000001.1''
INFO     : ############ Processing replicon UGJM01000002.1 (2/4) ############

INFO     : Starting Default search ... :
INFO     : Default search done... : 
INFO     : In replicon UGJM01000002.1, there are:
INFO     : - 0 complete integron(s) found with a total 0 attC site(s)
INFO     : - 0 CALIN element(s) found with a total of 0 attC site(s)
INFO     : - 0 In0 element(s) found with a total of 0 attC site
INFO     : Starting search with local_max...:
INFO     : Search with local_max done... :
INFO     : In replicon UGJM01000002.1, there are:
INFO     : - 0 complete integron(s) found with a total 0 attC site(s)
INFO     : - 0 CALIN element(s) found with a total of 0 attC site(s)
INFO     : - 0 In0 element(s) found with a total of 0 attC site
INFO     : Writing out results for replicon UGJM01000002.1
WARNING  : Cannot remove temporary results : '/n/data1/hms/dbmi/baym/arya/projects/tools/callmemobile/.test/intermediate/test/IntegronFinder/raw/sequence_2/Results_Integron_Finder_assembly/tmp_UGJM01000002.1 : [Errno 39] Directory not empty: '/n/data1/hms/dbmi/baym/arya/projects/tools/callmemobile/.test/intermediate/test/IntegronFinder/raw/sequence_2/Results_Integron_Finder_assembly/tmp_UGJM01000002.1''
INFO     : ############ Processing replicon UGJM01000003.1 (3/4) ############

INFO     : Starting Default search ... :
INFO     : Default search done... : 
INFO     : In replicon UGJM01000003.1, there are:
INFO     : - 0 complete integron(s) found with a total 0 attC site(s)
INFO     : - 1 CALIN element(s) found with a total of 1 attC site(s)
INFO     : - 0 In0 element(s) found with a total of 0 attC site
INFO     : Starting search with local_max...:
INFO     : Search with local_max done... :
INFO     : In replicon UGJM01000003.1, there are:
INFO     : - 0 complete integron(s) found with a total 0 attC site(s)
INFO     : - 0 CALIN element(s) found with a total of 0 attC site(s)
INFO     : - 0 In0 element(s) found with a total of 0 attC site
INFO     : Writing out results for replicon UGJM01000003.1
WARNING  : Cannot remove temporary results : '/n/data1/hms/dbmi/baym/arya/projects/tools/callmemobile/.test/intermediate/test/IntegronFinder/raw/sequence_2/Results_Integron_Finder_assembly/tmp_UGJM01000003.1 : [Errno 39] Directory not empty: '/n/data1/hms/dbmi/baym/arya/projects/tools/callmemobile/.test/intermediate/test/IntegronFinder/raw/sequence_2/Results_Integron_Finder_assembly/tmp_UGJM01000003.1''
INFO     : ############ Processing replicon UGJM01000004.1 (4/4) ############

INFO     : Starting Default search ... :
INFO     : Default search done... : 
INFO     : In replicon UGJM01000004.1, there are:
INFO     : - 0 complete integron(s) found with a total 0 attC site(s)
INFO     : - 0 CALIN element(s) found with a total of 0 attC site(s)
INFO     : - 0 In0 element(s) found with a total of 0 attC site
INFO     : Starting search with local_max...:
INFO     : Search with local_max done... :
INFO     : In replicon UGJM01000004.1, there are:
INFO     : - 0 complete integron(s) found with a total 0 attC site(s)
INFO     : - 0 CALIN element(s) found with a total of 0 attC site(s)
INFO     : - 0 In0 element(s) found with a total of 0 attC site
INFO     : Writing out results for replicon UGJM01000004.1
WARNING  : Cannot remove temporary results : '/n/data1/hms/dbmi/baym/arya/projects/tools/callmemobile/.test/intermediate/test/IntegronFinder/raw/sequence_2/Results_Integron_Finder_assembly/tmp_UGJM01000004.1 : [Errno 39] Directory not empty: '/n/data1/hms/dbmi/baym/arya/projects/tools/callmemobile/.test/intermediate/test/IntegronFinder/raw/sequence_2/Results_Integron_Finder_assembly/tmp_UGJM01000004.1''
INFO     : Merging integrons results.

